---------------------------------------
Begin Slurm Prolog: Nov-22-2025 17:04:35
Job ID:    2383249
User ID:   jyang872
Account:   gts-jscott319
Job name:  pooling
Partition: cpu-small
QOS:       inferno
---------------------------------------

Due to MODULEPATH changes, the following have been reloaded:
  1) gmp/6.2.1     2) mpc/1.3.1     3) mpfr/4.2.0     4) zlib/1.2.13

Solving the problem via SBB...
	Maximum iteration: 100000.0
	Maximum time: 86400
	Tolerance: 1E-03
Initialize the model...
Set parameter LicenseID to value 2441885
Set parameter GURO_PAR_SPECIAL
Set parameter TokenServer to value "license-coda.pace.gatech.edu"
Set parameter LogToConsole to value 1
Set parameter LogToConsole to value 0
Set parameter LogToConsole to value 1
Set parameter LogToConsole to value 0
Set parameter LogToConsole to value 1
Set parameter LogToConsole to value 0
augmented lagrangean iteration 0
Set parameter LogToConsole to value 1
Set parameter LogToConsole to value 0
Set parameter LogToConsole to value 1
Set parameter LogToConsole to value 0
Set parameter LogToConsole to value 1
Set parameter LogToConsole to value 0
augmented lagrangean iteration 1
Set parameter LogToConsole to value 1
Set parameter LogToConsole to value 0
Set parameter LogToConsole to value 1
Set parameter LogToConsole to value 0
Set parameter LogToConsole to value 1
Set parameter LogToConsole to value 0
augmented lagrangean iteration 2
Set parameter LogToConsole to value 1
Set parameter LogToConsole to value 0
Set parameter LogToConsole to value 1
Set parameter LogToConsole to value 0
Set parameter LogToConsole to value 1
Set parameter LogToConsole to value 0
Set parameter LogToConsole to value 1
Set parameter LogToConsole to value 0
	Root node lower bound: -1342.08, upper bound: -1338.25
	Total initialization CPU time: 10.91 s
Done.
Solving the model...
================================================================================
  iteration     CPU time    wall time  lower bound  upper bound     gap
Set parameter LogToConsole to value 1
Set parameter LogToConsole to value 0
Set parameter LogToConsole to value 1
Set parameter LogToConsole to value 0
Set parameter LogToConsole to value 1
Set parameter LogToConsole to value 0
augmented lagrangean iteration 0
Set parameter LogToConsole to value 1
Set parameter LogToConsole to value 0
Set parameter LogToConsole to value 1
Set parameter LogToConsole to value 0
Set parameter LogToConsole to value 1
Set parameter LogToConsole to value 0
augmented lagrangean iteration 1
Set parameter LogToConsole to value 1
Set parameter LogToConsole to value 0
Set parameter LogToConsole to value 1
Set parameter LogToConsole to value 0
Set parameter LogToConsole to value 1
Set parameter LogToConsole to value 0
augmented lagrangean iteration 2
Set parameter LogToConsole to value 1
Set parameter LogToConsole to value 0
Set parameter LogToConsole to value 1
Set parameter LogToConsole to value 0
Set parameter LogToConsole to value 1
Set parameter LogToConsole to value 0
Set parameter LogToConsole to value 1
Set parameter LogToConsole to value 0
Set parameter LogToConsole to value 1
Set parameter LogToConsole to value 0
Set parameter LogToConsole to value 1
Set parameter LogToConsole to value 0
Set parameter LogToConsole to value 1
Set parameter LogToConsole to value 0
augmented lagrangean iteration 0
Set parameter LogToConsole to value 1
Set parameter LogToConsole to value 0
Set parameter LogToConsole to value 1
Set parameter LogToConsole to value 0
Set parameter LogToConsole to value 1
Set parameter LogToConsole to value 0
augmented lagrangean iteration 1
Set parameter LogToConsole to value 1
Set parameter LogToConsole to value 0
Set parameter LogToConsole to value 1
Set parameter LogToConsole to value 0
Set parameter LogToConsole to value 1
Set parameter LogToConsole to value 0
augmented lagrangean iteration 2
Set parameter LogToConsole to value 1
Set parameter LogToConsole to value 0
Set parameter LogToConsole to value 1
Set parameter LogToConsole to value 0
Set parameter LogToConsole to value 1
Set parameter LogToConsole to value 0
Set parameter LogToConsole to value 1
Set parameter LogToConsole to value 0
         1        34.67        35.46   -1340.8391   -1338.2471   0.1937%
Set parameter LogToConsole to value 1
Set parameter LogToConsole to value 0
Set parameter LogToConsole to value 1
Set parameter LogToConsole to value 0
Set parameter LogToConsole to value 1
Set parameter LogToConsole to value 0
augmented lagrangean iteration 0
Set parameter LogToConsole to value 1
Set parameter LogToConsole to value 0
Set parameter LogToConsole to value 1
Set parameter LogToConsole to value 0
Set parameter LogToConsole to value 1
Set parameter LogToConsole to value 0
augmented lagrangean iteration 1
Set parameter LogToConsole to value 1
Set parameter LogToConsole to value 0
Set parameter LogToConsole to value 1
Set parameter LogToConsole to value 0
Set parameter LogToConsole to value 1
Set parameter LogToConsole to value 0
augmented lagrangean iteration 2
Set parameter LogToConsole to value 1
Set parameter LogToConsole to value 0
Set parameter LogToConsole to value 1
Set parameter LogToConsole to value 0
Set parameter LogToConsole to value 1
Set parameter LogToConsole to value 0
Set parameter LogToConsole to value 1
Set parameter LogToConsole to value 0
Set parameter LogToConsole to value 1
Set parameter LogToConsole to value 0
Set parameter LogToConsole to value 1
Set parameter LogToConsole to value 0
Set parameter LogToConsole to value 1
Set parameter LogToConsole to value 0
augmented lagrangean iteration 0
Set parameter LogToConsole to value 1
Set parameter LogToConsole to value 0
Set parameter LogToConsole to value 1
Set parameter LogToConsole to value 0
Set parameter LogToConsole to value 1
Set parameter LogToConsole to value 0
augmented lagrangean iteration 1
Set parameter LogToConsole to value 1
Set parameter LogToConsole to value 0
Set parameter LogToConsole to value 1
Set parameter LogToConsole to value 0
Set parameter LogToConsole to value 1
Set parameter LogToConsole to value 0
augmented lagrangean iteration 2
Set parameter LogToConsole to value 1
Set parameter LogToConsole to value 0
Set parameter LogToConsole to value 1
Set parameter LogToConsole to value 0
Set parameter LogToConsole to value 1
Set parameter LogToConsole to value 0
Set parameter LogToConsole to value 1
Set parameter LogToConsole to value 0
         2        66.27        67.55   -1340.7360   -1338.2471   0.1860%
Set parameter LogToConsole to value 1
Set parameter LogToConsole to value 0
Set parameter LogToConsole to value 1
Set parameter LogToConsole to value 0
Set parameter LogToConsole to value 1
Set parameter LogToConsole to value 0
augmented lagrangean iteration 0
Set parameter LogToConsole to value 1
Set parameter LogToConsole to value 0
Set parameter LogToConsole to value 1
Set parameter LogToConsole to value 0
Set parameter LogToConsole to value 1
Set parameter LogToConsole to value 0
augmented lagrangean iteration 1
Set parameter LogToConsole to value 1
Set parameter LogToConsole to value 0
Set parameter LogToConsole to value 1
Set parameter LogToConsole to value 0
Set parameter LogToConsole to value 1
Set parameter LogToConsole to value 0
augmented lagrangean iteration 2
Set parameter LogToConsole to value 1
Set parameter LogToConsole to value 0
Set parameter LogToConsole to value 1
Set parameter LogToConsole to value 0
Set parameter LogToConsole to value 1
Set parameter LogToConsole to value 0
Set parameter LogToConsole to value 1
Set parameter LogToConsole to value 0
Set parameter LogToConsole to value 1
Set parameter LogToConsole to value 0
Set parameter LogToConsole to value 1
Set parameter LogToConsole to value 0
Set parameter LogToConsole to value 1
Set parameter LogToConsole to value 0
augmented lagrangean iteration 0
Set parameter LogToConsole to value 1
Set parameter LogToConsole to value 0
Set parameter LogToConsole to value 1
Set parameter LogToConsole to value 0
Set parameter LogToConsole to value 1
Set parameter LogToConsole to value 0
augmented lagrangean iteration 1
Set parameter LogToConsole to value 1
Set parameter LogToConsole to value 0
Set parameter LogToConsole to value 1
Set parameter LogToConsole to value 0
Set parameter LogToConsole to value 1
Set parameter LogToConsole to value 0
augmented lagrangean iteration 2
Set parameter LogToConsole to value 1
Set parameter LogToConsole to value 0
Set parameter LogToConsole to value 1
Set parameter LogToConsole to value 0
Set parameter LogToConsole to value 1
Set parameter LogToConsole to value 0
Set parameter LogToConsole to value 1
Set parameter LogToConsole to value 0
         3        88.27        90.03   -1340.6375   -1338.2471   0.1786%
Set parameter LogToConsole to value 1
Set parameter LogToConsole to value 0
Set parameter LogToConsole to value 1
Set parameter LogToConsole to value 0
Set parameter LogToConsole to value 1
Set parameter LogToConsole to value 0
augmented lagrangean iteration 0
Set parameter LogToConsole to value 1
Set parameter LogToConsole to value 0
Set parameter LogToConsole to value 1
Set parameter LogToConsole to value 0
Set parameter LogToConsole to value 1
Set parameter LogToConsole to value 0
augmented lagrangean iteration 1
Set parameter LogToConsole to value 1
Set parameter LogToConsole to value 0
Set parameter LogToConsole to value 1
Set parameter LogToConsole to value 0
Set parameter LogToConsole to value 1
Set parameter LogToConsole to value 0
augmented lagrangean iteration 2
Set parameter LogToConsole to value 1
Set parameter LogToConsole to value 0
Set parameter LogToConsole to value 1
Set parameter LogToConsole to value 0
Set parameter LogToConsole to value 1
Set parameter LogToConsole to value 0
Set parameter LogToConsole to value 1
Set parameter LogToConsole to value 0
Set parameter LogToConsole to value 1
Set parameter LogToConsole to value 0
Set parameter LogToConsole to value 1
Set parameter LogToConsole to value 0
Set parameter LogToConsole to value 1
Set parameter LogToConsole to value 0
augmented lagrangean iteration 0
Set parameter LogToConsole to value 1
Set parameter LogToConsole to value 0
Set parameter LogToConsole to value 1
Set parameter LogToConsole to value 0
Set parameter LogToConsole to value 1
Set parameter LogToConsole to value 0
augmented lagrangean iteration 1
Set parameter LogToConsole to value 1
Set parameter LogToConsole to value 0
Set parameter LogToConsole to value 1
Set parameter LogToConsole to value 0
Set parameter LogToConsole to value 1
Set parameter LogToConsole to value 0
augmented lagrangean iteration 2
Set parameter LogToConsole to value 1
Set parameter LogToConsole to value 0
Set parameter LogToConsole to value 1
Set parameter LogToConsole to value 0
Set parameter LogToConsole to value 1
Set parameter LogToConsole to value 0
Set parameter LogToConsole to value 1
Set parameter LogToConsole to value 0
         4       111.94       114.19   -1340.5905   -1338.2471   0.1751%
Set parameter LogToConsole to value 1
Set parameter LogToConsole to value 0
Set parameter LogToConsole to value 1
Set parameter LogToConsole to value 0
Set parameter LogToConsole to value 1
Set parameter LogToConsole to value 0
augmented lagrangean iteration 0
Set parameter LogToConsole to value 1
Set parameter LogToConsole to value 0
Set parameter LogToConsole to value 1
Set parameter LogToConsole to value 0
Set parameter LogToConsole to value 1
Set parameter LogToConsole to value 0
augmented lagrangean iteration 1
Set parameter LogToConsole to value 1
Set parameter LogToConsole to value 0
Set parameter LogToConsole to value 1
Set parameter LogToConsole to value 0
Set parameter LogToConsole to value 1
Set parameter LogToConsole to value 0
augmented lagrangean iteration 2
Set parameter LogToConsole to value 1
Set parameter LogToConsole to value 0
Set parameter LogToConsole to value 1
Set parameter LogToConsole to value 0
Set parameter LogToConsole to value 1
Set parameter LogToConsole to value 0
Set parameter LogToConsole to value 1
Set parameter LogToConsole to value 0
Set parameter LogToConsole to value 1
Set parameter LogToConsole to value 0
Set parameter LogToConsole to value 1
Set parameter LogToConsole to value 0
Set parameter LogToConsole to value 1
Set parameter LogToConsole to value 0
augmented lagrangean iteration 0
Set parameter LogToConsole to value 1
Set parameter LogToConsole to value 0
Set parameter LogToConsole to value 1
Set parameter LogToConsole to value 0
Set parameter LogToConsole to value 1
Set parameter LogToConsole to value 0
augmented lagrangean iteration 1
Set parameter LogToConsole to value 1
Set parameter LogToConsole to value 0
Set parameter LogToConsole to value 1
Set parameter LogToConsole to value 0
Set parameter LogToConsole to value 1
Set parameter LogToConsole to value 0
augmented lagrangean iteration 2
Set parameter LogToConsole to value 1
Set parameter LogToConsole to value 0
Set parameter LogToConsole to value 1
Set parameter LogToConsole to value 0
Set parameter LogToConsole to value 1
Set parameter LogToConsole to value 0
Set parameter LogToConsole to value 1
Set parameter LogToConsole to value 0
         5       139.18       141.92   -1340.5745   -1338.2471   0.1739%
Set parameter LogToConsole to value 1
Set parameter LogToConsole to value 0
Set parameter LogToConsole to value 1
Set parameter LogToConsole to value 0
Set parameter LogToConsole to value 1
Set parameter LogToConsole to value 0
augmented lagrangean iteration 0
Set parameter LogToConsole to value 1
Set parameter LogToConsole to value 0
Set parameter LogToConsole to value 1
Set parameter LogToConsole to value 0
Set parameter LogToConsole to value 1
Set parameter LogToConsole to value 0
augmented lagrangean iteration 1
Set parameter LogToConsole to value 1
Set parameter LogToConsole to value 0
Set parameter LogToConsole to value 1
Set parameter LogToConsole to value 0
Set parameter LogToConsole to value 1
Set parameter LogToConsole to value 0
augmented lagrangean iteration 2
Set parameter LogToConsole to value 1
Set parameter LogToConsole to value 0
Set parameter LogToConsole to value 1
Set parameter LogToConsole to value 0
Set parameter LogToConsole to value 1
Set parameter LogToConsole to value 0
Set parameter LogToConsole to value 1
Set parameter LogToConsole to value 0
Set parameter LogToConsole to value 1
Set parameter LogToConsole to value 0
Set parameter LogToConsole to value 1
Set parameter LogToConsole to value 0
Set parameter LogToConsole to value 1
Set parameter LogToConsole to value 0
augmented lagrangean iteration 0
Set parameter LogToConsole to value 1
Set parameter LogToConsole to value 0
Set parameter LogToConsole to value 1
Set parameter LogToConsole to value 0
Set parameter LogToConsole to value 1
Set parameter LogToConsole to value 0
augmented lagrangean iteration 1
Set parameter LogToConsole to value 1
Set parameter LogToConsole to value 0
Set parameter LogToConsole to value 1
Set parameter LogToConsole to value 0
Set parameter LogToConsole to value 1
Set parameter LogToConsole to value 0
augmented lagrangean iteration 2
Set parameter LogToConsole to value 1
Set parameter LogToConsole to value 0
Set parameter LogToConsole to value 1
Set parameter LogToConsole to value 0
Set parameter LogToConsole to value 1
Set parameter LogToConsole to value 0
Set parameter LogToConsole to value 1
Set parameter LogToConsole to value 0
         6       168.88       172.15   -1340.4821   -1338.2471   0.1670%
Set parameter LogToConsole to value 1
Set parameter LogToConsole to value 0
Set parameter LogToConsole to value 1
Set parameter LogToConsole to value 0
Set parameter LogToConsole to value 1
Set parameter LogToConsole to value 0
augmented lagrangean iteration 0
Set parameter LogToConsole to value 1
Set parameter LogToConsole to value 0
Set parameter LogToConsole to value 1
Set parameter LogToConsole to value 0
Set parameter LogToConsole to value 1
Set parameter LogToConsole to value 0
augmented lagrangean iteration 1
Set parameter LogToConsole to value 1
Set parameter LogToConsole to value 0
Set parameter LogToConsole to value 1
Set parameter LogToConsole to value 0
Set parameter LogToConsole to value 1
Set parameter LogToConsole to value 0
augmented lagrangean iteration 2
Set parameter LogToConsole to value 1
Set parameter LogToConsole to value 0
Set parameter LogToConsole to value 1
Set parameter LogToConsole to value 0
Set parameter LogToConsole to value 1
Set parameter LogToConsole to value 0
Set parameter LogToConsole to value 1
Set parameter LogToConsole to value 0
Set parameter LogToConsole to value 1
Set parameter LogToConsole to value 0
Set parameter LogToConsole to value 1
Set parameter LogToConsole to value 0
Set parameter LogToConsole to value 1
Set parameter LogToConsole to value 0
augmented lagrangean iteration 0
Set parameter LogToConsole to value 1
Set parameter LogToConsole to value 0
Set parameter LogToConsole to value 1
Set parameter LogToConsole to value 0
Set parameter LogToConsole to value 1
Set parameter LogToConsole to value 0
augmented lagrangean iteration 1
Set parameter LogToConsole to value 1
Set parameter LogToConsole to value 0
Set parameter LogToConsole to value 1
Set parameter LogToConsole to value 0
Set parameter LogToConsole to value 1
Set parameter LogToConsole to value 0
augmented lagrangean iteration 2
Set parameter LogToConsole to value 1
Set parameter LogToConsole to value 0
Set parameter LogToConsole to value 1
Set parameter LogToConsole to value 0
Set parameter LogToConsole to value 1
Set parameter LogToConsole to value 0
Set parameter LogToConsole to value 1
Set parameter LogToConsole to value 0
         7       198.61       202.36   -1340.4814   -1338.2471   0.1670%
Set parameter LogToConsole to value 1
Set parameter LogToConsole to value 0
Set parameter LogToConsole to value 1
Set parameter LogToConsole to value 0
Set parameter LogToConsole to value 1
Set parameter LogToConsole to value 0
augmented lagrangean iteration 0
Set parameter LogToConsole to value 1
Set parameter LogToConsole to value 0
Set parameter LogToConsole to value 1
Set parameter LogToConsole to value 0
Set parameter LogToConsole to value 1
Set parameter LogToConsole to value 0
augmented lagrangean iteration 1
Set parameter LogToConsole to value 1
Set parameter LogToConsole to value 0
Set parameter LogToConsole to value 1
Set parameter LogToConsole to value 0
Set parameter LogToConsole to value 1
Set parameter LogToConsole to value 0
augmented lagrangean iteration 2
Set parameter LogToConsole to value 1
Set parameter LogToConsole to value 0
Set parameter LogToConsole to value 1
Set parameter LogToConsole to value 0
Set parameter LogToConsole to value 1
Set parameter LogToConsole to value 0
Set parameter LogToConsole to value 1
Set parameter LogToConsole to value 0
Set parameter LogToConsole to value 1
Set parameter LogToConsole to value 0
Set parameter LogToConsole to value 1
Set parameter LogToConsole to value 0
Set parameter LogToConsole to value 1
Set parameter LogToConsole to value 0
augmented lagrangean iteration 0
Set parameter LogToConsole to value 1
Set parameter LogToConsole to value 0
Set parameter LogToConsole to value 1
Set parameter LogToConsole to value 0
Set parameter LogToConsole to value 1
Set parameter LogToConsole to value 0
augmented lagrangean iteration 1
Set parameter LogToConsole to value 1
Set parameter LogToConsole to value 0
Set parameter LogToConsole to value 1
Set parameter LogToConsole to value 0
Set parameter LogToConsole to value 1
Set parameter LogToConsole to value 0
augmented lagrangean iteration 2
Set parameter LogToConsole to value 1
Set parameter LogToConsole to value 0
Set parameter LogToConsole to value 1
Set parameter LogToConsole to value 0
Set parameter LogToConsole to value 1
Set parameter LogToConsole to value 0
Set parameter LogToConsole to value 1
Set parameter LogToConsole to value 0
         8       225.33       229.58   -1340.4788   -1338.2471   0.1668%
Set parameter LogToConsole to value 1
Set parameter LogToConsole to value 0
Set parameter LogToConsole to value 1
Set parameter LogToConsole to value 0
Set parameter LogToConsole to value 1
Set parameter LogToConsole to value 0
augmented lagrangean iteration 0
Set parameter LogToConsole to value 1
Set parameter LogToConsole to value 0
Set parameter LogToConsole to value 1
Set parameter LogToConsole to value 0
Set parameter LogToConsole to value 1
Set parameter LogToConsole to value 0
augmented lagrangean iteration 1
Set parameter LogToConsole to value 1
Set parameter LogToConsole to value 0
Set parameter LogToConsole to value 1
Set parameter LogToConsole to value 0
Set parameter LogToConsole to value 1
Set parameter LogToConsole to value 0
augmented lagrangean iteration 2
Set parameter LogToConsole to value 1
Set parameter LogToConsole to value 0
Set parameter LogToConsole to value 1
Set parameter LogToConsole to value 0
Set parameter LogToConsole to value 1
Set parameter LogToConsole to value 0
Set parameter LogToConsole to value 1
Set parameter LogToConsole to value 0
Set parameter LogToConsole to value 1
Set parameter LogToConsole to value 0
Set parameter LogToConsole to value 1
Set parameter LogToConsole to value 0
Set parameter LogToConsole to value 1
Set parameter LogToConsole to value 0
augmented lagrangean iteration 0
Set parameter LogToConsole to value 1
Set parameter LogToConsole to value 0
Set parameter LogToConsole to value 1
Set parameter LogToConsole to value 0
Set parameter LogToConsole to value 1
Set parameter LogToConsole to value 0
augmented lagrangean iteration 1
Set parameter LogToConsole to value 1
Set parameter LogToConsole to value 0
Set parameter LogToConsole to value 1
Set parameter LogToConsole to value 0
Set parameter LogToConsole to value 1
Set parameter LogToConsole to value 0
augmented lagrangean iteration 2
Set parameter LogToConsole to value 1
Set parameter LogToConsole to value 0
Set parameter LogToConsole to value 1
Set parameter LogToConsole to value 0
Set parameter LogToConsole to value 1
Set parameter LogToConsole to value 0
Set parameter LogToConsole to value 1
Set parameter LogToConsole to value 0
         9       252.15       256.88   -1340.4282   -1338.2471   0.1630%
Set parameter LogToConsole to value 1
Set parameter LogToConsole to value 0
Set parameter LogToConsole to value 1
Set parameter LogToConsole to value 0
Set parameter LogToConsole to value 1
Set parameter LogToConsole to value 0
augmented lagrangean iteration 0
Set parameter LogToConsole to value 1
Set parameter LogToConsole to value 0
Set parameter LogToConsole to value 1
Set parameter LogToConsole to value 0
Set parameter LogToConsole to value 1
Set parameter LogToConsole to value 0
augmented lagrangean iteration 1
Set parameter LogToConsole to value 1
Set parameter LogToConsole to value 0
Set parameter LogToConsole to value 1
Set parameter LogToConsole to value 0
Set parameter LogToConsole to value 1
Set parameter LogToConsole to value 0
augmented lagrangean iteration 2
Set parameter LogToConsole to value 1
Set parameter LogToConsole to value 0
Set parameter LogToConsole to value 1
Set parameter LogToConsole to value 0
Set parameter LogToConsole to value 1
Set parameter LogToConsole to value 0
Set parameter LogToConsole to value 1
Set parameter LogToConsole to value 0
Set parameter LogToConsole to value 1
Set parameter LogToConsole to value 0
Set parameter LogToConsole to value 1
Set parameter LogToConsole to value 0
Set parameter LogToConsole to value 1
Set parameter LogToConsole to value 0
augmented lagrangean iteration 0
Set parameter LogToConsole to value 1
Set parameter LogToConsole to value 0
Set parameter LogToConsole to value 1
Set parameter LogToConsole to value 0
Set parameter LogToConsole to value 1
Set parameter LogToConsole to value 0
augmented lagrangean iteration 1
Set parameter LogToConsole to value 1
Set parameter LogToConsole to value 0
Set parameter LogToConsole to value 1
Set parameter LogToConsole to value 0
Set parameter LogToConsole to value 1
Set parameter LogToConsole to value 0
augmented lagrangean iteration 2
Set parameter LogToConsole to value 1
Set parameter LogToConsole to value 0
Set parameter LogToConsole to value 1
Set parameter LogToConsole to value 0
Set parameter LogToConsole to value 1
Set parameter LogToConsole to value 0
Set parameter LogToConsole to value 1
Set parameter LogToConsole to value 0
        10       279.51       284.74   -1340.3928   -1338.2471   0.1603%
Set parameter LogToConsole to value 1
Set parameter LogToConsole to value 0
Set parameter LogToConsole to value 1
Set parameter LogToConsole to value 0
Set parameter LogToConsole to value 1
Set parameter LogToConsole to value 0
augmented lagrangean iteration 0
Set parameter LogToConsole to value 1
Set parameter LogToConsole to value 0
Set parameter LogToConsole to value 1
Set parameter LogToConsole to value 0
Set parameter LogToConsole to value 1
Set parameter LogToConsole to value 0
augmented lagrangean iteration 1
Set parameter LogToConsole to value 1
Set parameter LogToConsole to value 0
Set parameter LogToConsole to value 1
Set parameter LogToConsole to value 0
Set parameter LogToConsole to value 1
Set parameter LogToConsole to value 0
augmented lagrangean iteration 2
Set parameter LogToConsole to value 1
Set parameter LogToConsole to value 0
Set parameter LogToConsole to value 1
Set parameter LogToConsole to value 0
Set parameter LogToConsole to value 1
Set parameter LogToConsole to value 0
Set parameter LogToConsole to value 1
Set parameter LogToConsole to value 0
Set parameter LogToConsole to value 1
Set parameter LogToConsole to value 0
Set parameter LogToConsole to value 1
Set parameter LogToConsole to value 0
Set parameter LogToConsole to value 1
Set parameter LogToConsole to value 0
augmented lagrangean iteration 0
Set parameter LogToConsole to value 1
Set parameter LogToConsole to value 0
Set parameter LogToConsole to value 1
Set parameter LogToConsole to value 0
Set parameter LogToConsole to value 1
Set parameter LogToConsole to value 0
augmented lagrangean iteration 1
Set parameter LogToConsole to value 1
Set parameter LogToConsole to value 0
Set parameter LogToConsole to value 1
Set parameter LogToConsole to value 0
Set parameter LogToConsole to value 1
Set parameter LogToConsole to value 0
augmented lagrangean iteration 2
Set parameter LogToConsole to value 1
Set parameter LogToConsole to value 0
Set parameter LogToConsole to value 1
Set parameter LogToConsole to value 0
Set parameter LogToConsole to value 1
Set parameter LogToConsole to value 0
Set parameter LogToConsole to value 1
Set parameter LogToConsole to value 0
        11       317.35       323.07   -1340.3673   -1338.2471   0.1584%
Set parameter LogToConsole to value 1
Set parameter LogToConsole to value 0
Set parameter LogToConsole to value 1
Set parameter LogToConsole to value 0
Set parameter LogToConsole to value 1
Set parameter LogToConsole to value 0
augmented lagrangean iteration 0
Set parameter LogToConsole to value 1
Set parameter LogToConsole to value 0
Set parameter LogToConsole to value 1
Set parameter LogToConsole to value 0
Set parameter LogToConsole to value 1
Set parameter LogToConsole to value 0
augmented lagrangean iteration 1
Set parameter LogToConsole to value 1
Set parameter LogToConsole to value 0
Set parameter LogToConsole to value 1
Set parameter LogToConsole to value 0
Set parameter LogToConsole to value 1
Set parameter LogToConsole to value 0
augmented lagrangean iteration 2
Set parameter LogToConsole to value 1
Set parameter LogToConsole to value 0
Set parameter LogToConsole to value 1
Set parameter LogToConsole to value 0
Set parameter LogToConsole to value 1
Set parameter LogToConsole to value 0
Set parameter LogToConsole to value 1
Set parameter LogToConsole to value 0
Set parameter LogToConsole to value 1
Set parameter LogToConsole to value 0
Set parameter LogToConsole to value 1
Set parameter LogToConsole to value 0
Set parameter LogToConsole to value 1
Set parameter LogToConsole to value 0
augmented lagrangean iteration 0
Set parameter LogToConsole to value 1
Set parameter LogToConsole to value 0
Set parameter LogToConsole to value 1
Set parameter LogToConsole to value 0
Set parameter LogToConsole to value 1
Set parameter LogToConsole to value 0
augmented lagrangean iteration 1
Set parameter LogToConsole to value 1
Set parameter LogToConsole to value 0
Set parameter LogToConsole to value 1
Set parameter LogToConsole to value 0
Set parameter LogToConsole to value 1
Set parameter LogToConsole to value 0
augmented lagrangean iteration 2
Set parameter LogToConsole to value 1
Set parameter LogToConsole to value 0
Set parameter LogToConsole to value 1
Set parameter LogToConsole to value 0
Set parameter LogToConsole to value 1
Set parameter LogToConsole to value 0
Set parameter LogToConsole to value 1
Set parameter LogToConsole to value 0
        12       353.09       359.30   -1340.3222   -1338.2471   0.1551%
Set parameter LogToConsole to value 1
Set parameter LogToConsole to value 0
Set parameter LogToConsole to value 1
Set parameter LogToConsole to value 0
Set parameter LogToConsole to value 1
Set parameter LogToConsole to value 0
augmented lagrangean iteration 0
Set parameter LogToConsole to value 1
Set parameter LogToConsole to value 0
Set parameter LogToConsole to value 1
Set parameter LogToConsole to value 0
Set parameter LogToConsole to value 1
Set parameter LogToConsole to value 0
augmented lagrangean iteration 1
Set parameter LogToConsole to value 1
Set parameter LogToConsole to value 0
Set parameter LogToConsole to value 1
Set parameter LogToConsole to value 0
Set parameter LogToConsole to value 1
Set parameter LogToConsole to value 0
augmented lagrangean iteration 2
Set parameter LogToConsole to value 1
Set parameter LogToConsole to value 0
Set parameter LogToConsole to value 1
Set parameter LogToConsole to value 0
Set parameter LogToConsole to value 1
Set parameter LogToConsole to value 0
Set parameter LogToConsole to value 1
Set parameter LogToConsole to value 0
Set parameter LogToConsole to value 1
Set parameter LogToConsole to value 0
Set parameter LogToConsole to value 1
Set parameter LogToConsole to value 0
Set parameter LogToConsole to value 1
Set parameter LogToConsole to value 0
augmented lagrangean iteration 0
Set parameter LogToConsole to value 1
Set parameter LogToConsole to value 0
Set parameter LogToConsole to value 1
Set parameter LogToConsole to value 0
Set parameter LogToConsole to value 1
Set parameter LogToConsole to value 0
augmented lagrangean iteration 1
Set parameter LogToConsole to value 1
Set parameter LogToConsole to value 0
Set parameter LogToConsole to value 1
Set parameter LogToConsole to value 0
Set parameter LogToConsole to value 1
Set parameter LogToConsole to value 0
augmented lagrangean iteration 2
Set parameter LogToConsole to value 1
Set parameter LogToConsole to value 0
Set parameter LogToConsole to value 1
Set parameter LogToConsole to value 0
Set parameter LogToConsole to value 1
Set parameter LogToConsole to value 0
Set parameter LogToConsole to value 1
Set parameter LogToConsole to value 0
        13       379.07       385.77   -1340.2749   -1338.2471   0.1515%
Set parameter LogToConsole to value 1
Set parameter LogToConsole to value 0
Set parameter LogToConsole to value 1
Set parameter LogToConsole to value 0
Set parameter LogToConsole to value 1
Set parameter LogToConsole to value 0
augmented lagrangean iteration 0
Set parameter LogToConsole to value 1
Set parameter LogToConsole to value 0
Set parameter LogToConsole to value 1
Set parameter LogToConsole to value 0
Set parameter LogToConsole to value 1
Set parameter LogToConsole to value 0
augmented lagrangean iteration 1
Set parameter LogToConsole to value 1
Set parameter LogToConsole to value 0
Set parameter LogToConsole to value 1
Set parameter LogToConsole to value 0
Set parameter LogToConsole to value 1
Set parameter LogToConsole to value 0
augmented lagrangean iteration 2
Set parameter LogToConsole to value 1
Set parameter LogToConsole to value 0
Set parameter LogToConsole to value 1
Set parameter LogToConsole to value 0
Set parameter LogToConsole to value 1
Set parameter LogToConsole to value 0
Set parameter LogToConsole to value 1
Set parameter LogToConsole to value 0
Set parameter LogToConsole to value 1
Set parameter LogToConsole to value 0
Set parameter LogToConsole to value 1
Set parameter LogToConsole to value 0
Set parameter LogToConsole to value 1
Set parameter LogToConsole to value 0
augmented lagrangean iteration 0
Set parameter LogToConsole to value 1
Set parameter LogToConsole to value 0
Set parameter LogToConsole to value 1
Set parameter LogToConsole to value 0
Set parameter LogToConsole to value 1
Set parameter LogToConsole to value 0
augmented lagrangean iteration 1
Set parameter LogToConsole to value 1
Set parameter LogToConsole to value 0
Set parameter LogToConsole to value 1
Set parameter LogToConsole to value 0
Set parameter LogToConsole to value 1
Set parameter LogToConsole to value 0
augmented lagrangean iteration 2
Set parameter LogToConsole to value 1
Set parameter LogToConsole to value 0
Set parameter LogToConsole to value 1
Set parameter LogToConsole to value 0
Set parameter LogToConsole to value 1
Set parameter LogToConsole to value 0
Set parameter LogToConsole to value 1
Set parameter LogToConsole to value 0
        14       403.27       410.46   -1340.2562   -1338.2471   0.1501%
Set parameter LogToConsole to value 1
Set parameter LogToConsole to value 0
Set parameter LogToConsole to value 1
Set parameter LogToConsole to value 0
Set parameter LogToConsole to value 1
Set parameter LogToConsole to value 0
augmented lagrangean iteration 0
Set parameter LogToConsole to value 1
Set parameter LogToConsole to value 0
Set parameter LogToConsole to value 1
Set parameter LogToConsole to value 0
Set parameter LogToConsole to value 1
Set parameter LogToConsole to value 0
augmented lagrangean iteration 1
Set parameter LogToConsole to value 1
Set parameter LogToConsole to value 0
Set parameter LogToConsole to value 1
Set parameter LogToConsole to value 0
Set parameter LogToConsole to value 1
Set parameter LogToConsole to value 0
augmented lagrangean iteration 2
Set parameter LogToConsole to value 1
Set parameter LogToConsole to value 0
Set parameter LogToConsole to value 1
Set parameter LogToConsole to value 0
Set parameter LogToConsole to value 1
Set parameter LogToConsole to value 0
Set parameter LogToConsole to value 1
Set parameter LogToConsole to value 0
Set parameter LogToConsole to value 1
Set parameter LogToConsole to value 0
Set parameter LogToConsole to value 1
Set parameter LogToConsole to value 0
Set parameter LogToConsole to value 1
Set parameter LogToConsole to value 0
augmented lagrangean iteration 0
Set parameter LogToConsole to value 1
Set parameter LogToConsole to value 0
Set parameter LogToConsole to value 1
Set parameter LogToConsole to value 0
Set parameter LogToConsole to value 1
Set parameter LogToConsole to value 0
augmented lagrangean iteration 1
Set parameter LogToConsole to value 1
Set parameter LogToConsole to value 0
Set parameter LogToConsole to value 1
Set parameter LogToConsole to value 0
Set parameter LogToConsole to value 1
Set parameter LogToConsole to value 0
augmented lagrangean iteration 2
Set parameter LogToConsole to value 1
Set parameter LogToConsole to value 0
Set parameter LogToConsole to value 1
Set parameter LogToConsole to value 0
Set parameter LogToConsole to value 1
Set parameter LogToConsole to value 0
Set parameter LogToConsole to value 1
Set parameter LogToConsole to value 0
        15       429.93       437.62   -1340.2547   -1338.2471   0.1500%
Set parameter LogToConsole to value 1
Set parameter LogToConsole to value 0
Set parameter LogToConsole to value 1
Set parameter LogToConsole to value 0
Set parameter LogToConsole to value 1
Set parameter LogToConsole to value 0
augmented lagrangean iteration 0
Set parameter LogToConsole to value 1
Set parameter LogToConsole to value 0
Set parameter LogToConsole to value 1
Set parameter LogToConsole to value 0
Set parameter LogToConsole to value 1
Set parameter LogToConsole to value 0
augmented lagrangean iteration 1
Set parameter LogToConsole to value 1
Set parameter LogToConsole to value 0
Set parameter LogToConsole to value 1
Set parameter LogToConsole to value 0
Set parameter LogToConsole to value 1
Set parameter LogToConsole to value 0
augmented lagrangean iteration 2
Set parameter LogToConsole to value 1
Set parameter LogToConsole to value 0
Set parameter LogToConsole to value 1
Set parameter LogToConsole to value 0
Set parameter LogToConsole to value 1
Set parameter LogToConsole to value 0
Set parameter LogToConsole to value 1
Set parameter LogToConsole to value 0
Set parameter LogToConsole to value 1
Set parameter LogToConsole to value 0
Set parameter LogToConsole to value 1
Set parameter LogToConsole to value 0
Set parameter LogToConsole to value 1
Set parameter LogToConsole to value 0
augmented lagrangean iteration 0
Set parameter LogToConsole to value 1
Set parameter LogToConsole to value 0
Set parameter LogToConsole to value 1
Set parameter LogToConsole to value 0
Set parameter LogToConsole to value 1
Set parameter LogToConsole to value 0
augmented lagrangean iteration 1
Set parameter LogToConsole to value 1
Set parameter LogToConsole to value 0
Set parameter LogToConsole to value 1
Set parameter LogToConsole to value 0
Set parameter LogToConsole to value 1
Set parameter LogToConsole to value 0
augmented lagrangean iteration 2
Set parameter LogToConsole to value 1
Set parameter LogToConsole to value 0
Set parameter LogToConsole to value 1
Set parameter LogToConsole to value 0
Set parameter LogToConsole to value 1
Set parameter LogToConsole to value 0
Set parameter LogToConsole to value 1
Set parameter LogToConsole to value 0
        16       466.49       474.67   -1340.2188   -1338.2471   0.1473%
Set parameter LogToConsole to value 1
Set parameter LogToConsole to value 0
Set parameter LogToConsole to value 1
Set parameter LogToConsole to value 0
Set parameter LogToConsole to value 1
Set parameter LogToConsole to value 0
augmented lagrangean iteration 0
Set parameter LogToConsole to value 1
Set parameter LogToConsole to value 0
Set parameter LogToConsole to value 1
Set parameter LogToConsole to value 0
Set parameter LogToConsole to value 1
Set parameter LogToConsole to value 0
augmented lagrangean iteration 1
Set parameter LogToConsole to value 1
Set parameter LogToConsole to value 0
Set parameter LogToConsole to value 1
Set parameter LogToConsole to value 0
Set parameter LogToConsole to value 1
Set parameter LogToConsole to value 0
augmented lagrangean iteration 2
Set parameter LogToConsole to value 1
Set parameter LogToConsole to value 0
Set parameter LogToConsole to value 1
Set parameter LogToConsole to value 0
Set parameter LogToConsole to value 1
Set parameter LogToConsole to value 0
Set parameter LogToConsole to value 1
Set parameter LogToConsole to value 0
Set parameter LogToConsole to value 1
Set parameter LogToConsole to value 0
Set parameter LogToConsole to value 1
Set parameter LogToConsole to value 0
Set parameter LogToConsole to value 1
Set parameter LogToConsole to value 0
augmented lagrangean iteration 0
Set parameter LogToConsole to value 1
Set parameter LogToConsole to value 0
Set parameter LogToConsole to value 1
Set parameter LogToConsole to value 0
Set parameter LogToConsole to value 1
Set parameter LogToConsole to value 0
augmented lagrangean iteration 1
Set parameter LogToConsole to value 1
Set parameter LogToConsole to value 0
Set parameter LogToConsole to value 1
Set parameter LogToConsole to value 0
Set parameter LogToConsole to value 1
Set parameter LogToConsole to value 0
augmented lagrangean iteration 2
Set parameter LogToConsole to value 1
Set parameter LogToConsole to value 0
Set parameter LogToConsole to value 1
Set parameter LogToConsole to value 0
Set parameter LogToConsole to value 1
Set parameter LogToConsole to value 0
Set parameter LogToConsole to value 1
Set parameter LogToConsole to value 0
        17       495.83       504.51   -1340.2167   -1338.2471   0.1472%
Set parameter LogToConsole to value 1
Set parameter LogToConsole to value 0
Set parameter LogToConsole to value 1
Set parameter LogToConsole to value 0
Set parameter LogToConsole to value 1
Set parameter LogToConsole to value 0
augmented lagrangean iteration 0
Set parameter LogToConsole to value 1
Set parameter LogToConsole to value 0
Set parameter LogToConsole to value 1
Set parameter LogToConsole to value 0
Set parameter LogToConsole to value 1
Set parameter LogToConsole to value 0
augmented lagrangean iteration 1
Set parameter LogToConsole to value 1
Set parameter LogToConsole to value 0
Set parameter LogToConsole to value 1
Set parameter LogToConsole to value 0
Set parameter LogToConsole to value 1
Set parameter LogToConsole to value 0
augmented lagrangean iteration 2
Set parameter LogToConsole to value 1
Set parameter LogToConsole to value 0
Set parameter LogToConsole to value 1
Set parameter LogToConsole to value 0
Set parameter LogToConsole to value 1
Set parameter LogToConsole to value 0
Set parameter LogToConsole to value 1
Set parameter LogToConsole to value 0
Set parameter LogToConsole to value 1
Set parameter LogToConsole to value 0
Set parameter LogToConsole to value 1
Set parameter LogToConsole to value 0
Set parameter LogToConsole to value 1
Set parameter LogToConsole to value 0
augmented lagrangean iteration 0
Set parameter LogToConsole to value 1
Set parameter LogToConsole to value 0
Set parameter LogToConsole to value 1
Set parameter LogToConsole to value 0
Set parameter LogToConsole to value 1
Set parameter LogToConsole to value 0
augmented lagrangean iteration 1
Set parameter LogToConsole to value 1
Set parameter LogToConsole to value 0
Set parameter LogToConsole to value 1
Set parameter LogToConsole to value 0
Set parameter LogToConsole to value 1
Set parameter LogToConsole to value 0
augmented lagrangean iteration 2
Set parameter LogToConsole to value 1
Set parameter LogToConsole to value 0
Set parameter LogToConsole to value 1
Set parameter LogToConsole to value 0
Set parameter LogToConsole to value 1
Set parameter LogToConsole to value 0
Set parameter LogToConsole to value 1
Set parameter LogToConsole to value 0
        18       526.09       535.30   -1340.2103   -1338.2471   0.1467%
Set parameter LogToConsole to value 1
Set parameter LogToConsole to value 0
Set parameter LogToConsole to value 1
Set parameter LogToConsole to value 0
Set parameter LogToConsole to value 1
Set parameter LogToConsole to value 0
augmented lagrangean iteration 0
Set parameter LogToConsole to value 1
Set parameter LogToConsole to value 0
Set parameter LogToConsole to value 1
Set parameter LogToConsole to value 0
Set parameter LogToConsole to value 1
Set parameter LogToConsole to value 0
augmented lagrangean iteration 1
Set parameter LogToConsole to value 1
Set parameter LogToConsole to value 0
Set parameter LogToConsole to value 1
Set parameter LogToConsole to value 0
Set parameter LogToConsole to value 1
Set parameter LogToConsole to value 0
augmented lagrangean iteration 2
Set parameter LogToConsole to value 1
Set parameter LogToConsole to value 0
Set parameter LogToConsole to value 1
Set parameter LogToConsole to value 0
Set parameter LogToConsole to value 1
Set parameter LogToConsole to value 0
Set parameter LogToConsole to value 1
Set parameter LogToConsole to value 0
Set parameter LogToConsole to value 1
Set parameter LogToConsole to value 0
Set parameter LogToConsole to value 1
Set parameter LogToConsole to value 0
Set parameter LogToConsole to value 1
Set parameter LogToConsole to value 0
augmented lagrangean iteration 0
Set parameter LogToConsole to value 1
Set parameter LogToConsole to value 0
Set parameter LogToConsole to value 1
Set parameter LogToConsole to value 0
Set parameter LogToConsole to value 1
Set parameter LogToConsole to value 0
augmented lagrangean iteration 1
Set parameter LogToConsole to value 1
Set parameter LogToConsole to value 0
Set parameter LogToConsole to value 1
Set parameter LogToConsole to value 0
Set parameter LogToConsole to value 1
Set parameter LogToConsole to value 0
augmented lagrangean iteration 2
Set parameter LogToConsole to value 1
Set parameter LogToConsole to value 0
Set parameter LogToConsole to value 1
Set parameter LogToConsole to value 0
Set parameter LogToConsole to value 1
Set parameter LogToConsole to value 0
Set parameter LogToConsole to value 1
Set parameter LogToConsole to value 0
        19       550.05       559.74   -1340.2015   -1338.2471   0.1460%
Set parameter LogToConsole to value 1
Set parameter LogToConsole to value 0
Set parameter LogToConsole to value 1
Set parameter LogToConsole to value 0
Set parameter LogToConsole to value 1
Set parameter LogToConsole to value 0
augmented lagrangean iteration 0
Set parameter LogToConsole to value 1
Set parameter LogToConsole to value 0
Set parameter LogToConsole to value 1
Set parameter LogToConsole to value 0
Set parameter LogToConsole to value 1
Set parameter LogToConsole to value 0
augmented lagrangean iteration 1
Set parameter LogToConsole to value 1
Set parameter LogToConsole to value 0
Set parameter LogToConsole to value 1
Set parameter LogToConsole to value 0
Set parameter LogToConsole to value 1
Set parameter LogToConsole to value 0
augmented lagrangean iteration 2
Set parameter LogToConsole to value 1
Set parameter LogToConsole to value 0
Set parameter LogToConsole to value 1
Set parameter LogToConsole to value 0
Set parameter LogToConsole to value 1
Set parameter LogToConsole to value 0
Set parameter LogToConsole to value 1
Set parameter LogToConsole to value 0
Set parameter LogToConsole to value 1
Set parameter LogToConsole to value 0
Set parameter LogToConsole to value 1
Set parameter LogToConsole to value 0
Set parameter LogToConsole to value 1
Set parameter LogToConsole to value 0
augmented lagrangean iteration 0
Set parameter LogToConsole to value 1
Set parameter LogToConsole to value 0
Set parameter LogToConsole to value 1
Set parameter LogToConsole to value 0
Set parameter LogToConsole to value 1
Set parameter LogToConsole to value 0
augmented lagrangean iteration 1
Set parameter LogToConsole to value 1
Set parameter LogToConsole to value 0
Set parameter LogToConsole to value 1
Set parameter LogToConsole to value 0
Set parameter LogToConsole to value 1
Set parameter LogToConsole to value 0
augmented lagrangean iteration 2
Set parameter LogToConsole to value 1
Set parameter LogToConsole to value 0
Set parameter LogToConsole to value 1
Set parameter LogToConsole to value 0
Set parameter LogToConsole to value 1
Set parameter LogToConsole to value 0
Set parameter LogToConsole to value 1
Set parameter LogToConsole to value 0
        20       579.75       589.93   -1340.1901   -1338.2471   0.1452%
Set parameter LogToConsole to value 1
Set parameter LogToConsole to value 0
Set parameter LogToConsole to value 1
Set parameter LogToConsole to value 0
Set parameter LogToConsole to value 1
Set parameter LogToConsole to value 0
augmented lagrangean iteration 0
Set parameter LogToConsole to value 1
Set parameter LogToConsole to value 0
Set parameter LogToConsole to value 1
Set parameter LogToConsole to value 0
Set parameter LogToConsole to value 1
Set parameter LogToConsole to value 0
augmented lagrangean iteration 1
Set parameter LogToConsole to value 1
Set parameter LogToConsole to value 0
Set parameter LogToConsole to value 1
Set parameter LogToConsole to value 0
Set parameter LogToConsole to value 1
Set parameter LogToConsole to value 0
augmented lagrangean iteration 2
Set parameter LogToConsole to value 1
Set parameter LogToConsole to value 0
Set parameter LogToConsole to value 1
Set parameter LogToConsole to value 0
Set parameter LogToConsole to value 1
Set parameter LogToConsole to value 0
Set parameter LogToConsole to value 1
Set parameter LogToConsole to value 0
Set parameter LogToConsole to value 1
Set parameter LogToConsole to value 0
Set parameter LogToConsole to value 1
Set parameter LogToConsole to value 0
Set parameter LogToConsole to value 1
Set parameter LogToConsole to value 0
augmented lagrangean iteration 0
Set parameter LogToConsole to value 1
Set parameter LogToConsole to value 0
Set parameter LogToConsole to value 1
Set parameter LogToConsole to value 0
Set parameter LogToConsole to value 1
Set parameter LogToConsole to value 0
augmented lagrangean iteration 1
Set parameter LogToConsole to value 1
Set parameter LogToConsole to value 0
Set parameter LogToConsole to value 1
Set parameter LogToConsole to value 0
Set parameter LogToConsole to value 1
Set parameter LogToConsole to value 0
augmented lagrangean iteration 2
Set parameter LogToConsole to value 1
Set parameter LogToConsole to value 0
Set parameter LogToConsole to value 1
Set parameter LogToConsole to value 0
Set parameter LogToConsole to value 1
Set parameter LogToConsole to value 0
Set parameter LogToConsole to value 1
Set parameter LogToConsole to value 0
        21       605.96       616.63   -1340.1875   -1338.2471   0.1450%
Set parameter LogToConsole to value 1
Set parameter LogToConsole to value 0
Set parameter LogToConsole to value 1
Set parameter LogToConsole to value 0
Set parameter LogToConsole to value 1
Set parameter LogToConsole to value 0
augmented lagrangean iteration 0
Set parameter LogToConsole to value 1
Set parameter LogToConsole to value 0
Set parameter LogToConsole to value 1
Set parameter LogToConsole to value 0
Set parameter LogToConsole to value 1
Set parameter LogToConsole to value 0
augmented lagrangean iteration 1
Set parameter LogToConsole to value 1
Set parameter LogToConsole to value 0
Set parameter LogToConsole to value 1
Set parameter LogToConsole to value 0
Set parameter LogToConsole to value 1
Set parameter LogToConsole to value 0
augmented lagrangean iteration 2
Set parameter LogToConsole to value 1
Set parameter LogToConsole to value 0
Set parameter LogToConsole to value 1
Set parameter LogToConsole to value 0
Set parameter LogToConsole to value 1
Set parameter LogToConsole to value 0
Set parameter LogToConsole to value 1
Set parameter LogToConsole to value 0
Set parameter LogToConsole to value 1
Set parameter LogToConsole to value 0
Set parameter LogToConsole to value 1
Set parameter LogToConsole to value 0
Set parameter LogToConsole to value 1
Set parameter LogToConsole to value 0
augmented lagrangean iteration 0
Set parameter LogToConsole to value 1
Set parameter LogToConsole to value 0
Set parameter LogToConsole to value 1
Set parameter LogToConsole to value 0
Set parameter LogToConsole to value 1
Set parameter LogToConsole to value 0
augmented lagrangean iteration 1
Set parameter LogToConsole to value 1
Set parameter LogToConsole to value 0
Set parameter LogToConsole to value 1
Set parameter LogToConsole to value 0
Set parameter LogToConsole to value 1
Set parameter LogToConsole to value 0
augmented lagrangean iteration 2
Set parameter LogToConsole to value 1
Set parameter LogToConsole to value 0
Set parameter LogToConsole to value 1
Set parameter LogToConsole to value 0
Set parameter LogToConsole to value 1
Set parameter LogToConsole to value 0
Set parameter LogToConsole to value 1
Set parameter LogToConsole to value 0
        22       630.62       641.78   -1340.1029   -1338.2471   0.1387%
Set parameter LogToConsole to value 1
Set parameter LogToConsole to value 0
Set parameter LogToConsole to value 1
Set parameter LogToConsole to value 0
Set parameter LogToConsole to value 1
Set parameter LogToConsole to value 0
augmented lagrangean iteration 0
Set parameter LogToConsole to value 1
Set parameter LogToConsole to value 0
Set parameter LogToConsole to value 1
Set parameter LogToConsole to value 0
Set parameter LogToConsole to value 1
Set parameter LogToConsole to value 0
augmented lagrangean iteration 1
Set parameter LogToConsole to value 1
Set parameter LogToConsole to value 0
Set parameter LogToConsole to value 1
Set parameter LogToConsole to value 0
Set parameter LogToConsole to value 1
Set parameter LogToConsole to value 0
augmented lagrangean iteration 2
Set parameter LogToConsole to value 1
Set parameter LogToConsole to value 0
Set parameter LogToConsole to value 1
Set parameter LogToConsole to value 0
Set parameter LogToConsole to value 1
Set parameter LogToConsole to value 0
Set parameter LogToConsole to value 1
Set parameter LogToConsole to value 0
Set parameter LogToConsole to value 1
Set parameter LogToConsole to value 0
Set parameter LogToConsole to value 1
Set parameter LogToConsole to value 0
Set parameter LogToConsole to value 1
Set parameter LogToConsole to value 0
augmented lagrangean iteration 0
Set parameter LogToConsole to value 1
Set parameter LogToConsole to value 0
Set parameter LogToConsole to value 1
Set parameter LogToConsole to value 0
Set parameter LogToConsole to value 1
Set parameter LogToConsole to value 0
augmented lagrangean iteration 1
Set parameter LogToConsole to value 1
Set parameter LogToConsole to value 0
Set parameter LogToConsole to value 1
Set parameter LogToConsole to value 0
Set parameter LogToConsole to value 1
Set parameter LogToConsole to value 0
augmented lagrangean iteration 2
Set parameter LogToConsole to value 1
Set parameter LogToConsole to value 0
Set parameter LogToConsole to value 1
Set parameter LogToConsole to value 0
Set parameter LogToConsole to value 1
Set parameter LogToConsole to value 0
Set parameter LogToConsole to value 1
Set parameter LogToConsole to value 0
        23       654.27       665.92   -1340.1025   -1338.2471   0.1386%
Set parameter LogToConsole to value 1
Set parameter LogToConsole to value 0
Set parameter LogToConsole to value 1
Set parameter LogToConsole to value 0
Set parameter LogToConsole to value 1
Set parameter LogToConsole to value 0
augmented lagrangean iteration 0
Set parameter LogToConsole to value 1
Set parameter LogToConsole to value 0
Set parameter LogToConsole to value 1
Set parameter LogToConsole to value 0
Set parameter LogToConsole to value 1
Set parameter LogToConsole to value 0
augmented lagrangean iteration 1
Set parameter LogToConsole to value 1
Set parameter LogToConsole to value 0
Set parameter LogToConsole to value 1
Set parameter LogToConsole to value 0
Set parameter LogToConsole to value 1
Set parameter LogToConsole to value 0
augmented lagrangean iteration 2
Set parameter LogToConsole to value 1
Set parameter LogToConsole to value 0
Set parameter LogToConsole to value 1
Set parameter LogToConsole to value 0
Set parameter LogToConsole to value 1
Set parameter LogToConsole to value 0
Set parameter LogToConsole to value 1
Set parameter LogToConsole to value 0
Set parameter LogToConsole to value 1
Set parameter LogToConsole to value 0
Set parameter LogToConsole to value 1
Set parameter LogToConsole to value 0
Set parameter LogToConsole to value 1
Set parameter LogToConsole to value 0
augmented lagrangean iteration 0
Set parameter LogToConsole to value 1
Set parameter LogToConsole to value 0
Set parameter LogToConsole to value 1
Set parameter LogToConsole to value 0
Set parameter LogToConsole to value 1
Set parameter LogToConsole to value 0
augmented lagrangean iteration 1
Set parameter LogToConsole to value 1
Set parameter LogToConsole to value 0
Set parameter LogToConsole to value 1
Set parameter LogToConsole to value 0
Set parameter LogToConsole to value 1
Set parameter LogToConsole to value 0
augmented lagrangean iteration 2
Set parameter LogToConsole to value 1
Set parameter LogToConsole to value 0
Set parameter LogToConsole to value 1
Set parameter LogToConsole to value 0
Set parameter LogToConsole to value 1
Set parameter LogToConsole to value 0
Set parameter LogToConsole to value 1
Set parameter LogToConsole to value 0
        24       689.03       701.18   -1340.0912   -1338.2471   0.1378%
Set parameter LogToConsole to value 1
Set parameter LogToConsole to value 0
Set parameter LogToConsole to value 1
Set parameter LogToConsole to value 0
Set parameter LogToConsole to value 1
Set parameter LogToConsole to value 0
augmented lagrangean iteration 0
Set parameter LogToConsole to value 1
Set parameter LogToConsole to value 0
Set parameter LogToConsole to value 1
Set parameter LogToConsole to value 0
Set parameter LogToConsole to value 1
Set parameter LogToConsole to value 0
augmented lagrangean iteration 1
Set parameter LogToConsole to value 1
Set parameter LogToConsole to value 0
Set parameter LogToConsole to value 1
Set parameter LogToConsole to value 0
Set parameter LogToConsole to value 1
Set parameter LogToConsole to value 0
augmented lagrangean iteration 2
Set parameter LogToConsole to value 1
Set parameter LogToConsole to value 0
Set parameter LogToConsole to value 1
Set parameter LogToConsole to value 0
Set parameter LogToConsole to value 1
Set parameter LogToConsole to value 0
Set parameter LogToConsole to value 1
Set parameter LogToConsole to value 0
Set parameter LogToConsole to value 1
Set parameter LogToConsole to value 0
Set parameter LogToConsole to value 1
Set parameter LogToConsole to value 0
Set parameter LogToConsole to value 1
Set parameter LogToConsole to value 0
augmented lagrangean iteration 0
Set parameter LogToConsole to value 1
Set parameter LogToConsole to value 0
Set parameter LogToConsole to value 1
Set parameter LogToConsole to value 0
Set parameter LogToConsole to value 1
Set parameter LogToConsole to value 0
augmented lagrangean iteration 1
Set parameter LogToConsole to value 1
Set parameter LogToConsole to value 0
Set parameter LogToConsole to value 1
Set parameter LogToConsole to value 0
Set parameter LogToConsole to value 1
Set parameter LogToConsole to value 0
augmented lagrangean iteration 2
Set parameter LogToConsole to value 1
Set parameter LogToConsole to value 0
Set parameter LogToConsole to value 1
Set parameter LogToConsole to value 0
Set parameter LogToConsole to value 1
Set parameter LogToConsole to value 0
Set parameter LogToConsole to value 1
Set parameter LogToConsole to value 0
        25       716.49       729.13   -1340.0577   -1338.2471   0.1353%
Set parameter LogToConsole to value 1
Set parameter LogToConsole to value 0
Set parameter LogToConsole to value 1
Set parameter LogToConsole to value 0
Set parameter LogToConsole to value 1
Set parameter LogToConsole to value 0
augmented lagrangean iteration 0
Set parameter LogToConsole to value 1
Set parameter LogToConsole to value 0
Set parameter LogToConsole to value 1
Set parameter LogToConsole to value 0
Set parameter LogToConsole to value 1
Set parameter LogToConsole to value 0
augmented lagrangean iteration 1
Set parameter LogToConsole to value 1
Set parameter LogToConsole to value 0
Set parameter LogToConsole to value 1
Set parameter LogToConsole to value 0
Set parameter LogToConsole to value 1
Set parameter LogToConsole to value 0
augmented lagrangean iteration 2
Set parameter LogToConsole to value 1
Set parameter LogToConsole to value 0
Set parameter LogToConsole to value 1
Set parameter LogToConsole to value 0
Set parameter LogToConsole to value 1
Set parameter LogToConsole to value 0
Set parameter LogToConsole to value 1
Set parameter LogToConsole to value 0
Set parameter LogToConsole to value 1
Set parameter LogToConsole to value 0
Set parameter LogToConsole to value 1
Set parameter LogToConsole to value 0
Set parameter LogToConsole to value 1
Set parameter LogToConsole to value 0
augmented lagrangean iteration 0
Set parameter LogToConsole to value 1
Set parameter LogToConsole to value 0
Set parameter LogToConsole to value 1
Set parameter LogToConsole to value 0
Set parameter LogToConsole to value 1
Set parameter LogToConsole to value 0
augmented lagrangean iteration 1
Set parameter LogToConsole to value 1
Set parameter LogToConsole to value 0
Set parameter LogToConsole to value 1
Set parameter LogToConsole to value 0
Set parameter LogToConsole to value 1
Set parameter LogToConsole to value 0
augmented lagrangean iteration 2
Set parameter LogToConsole to value 1
Set parameter LogToConsole to value 0
Set parameter LogToConsole to value 1
Set parameter LogToConsole to value 0
Set parameter LogToConsole to value 1
Set parameter LogToConsole to value 0
Set parameter LogToConsole to value 1
Set parameter LogToConsole to value 0
        26       744.36       757.49   -1340.0429   -1338.2471   0.1342%
Set parameter LogToConsole to value 1
Set parameter LogToConsole to value 0
Set parameter LogToConsole to value 1
Set parameter LogToConsole to value 0
Set parameter LogToConsole to value 1
Set parameter LogToConsole to value 0
augmented lagrangean iteration 0
Set parameter LogToConsole to value 1
Set parameter LogToConsole to value 0
Set parameter LogToConsole to value 1
Set parameter LogToConsole to value 0
Set parameter LogToConsole to value 1
Set parameter LogToConsole to value 0
augmented lagrangean iteration 1
Set parameter LogToConsole to value 1
Set parameter LogToConsole to value 0
Set parameter LogToConsole to value 1
Set parameter LogToConsole to value 0
Set parameter LogToConsole to value 1
Set parameter LogToConsole to value 0
augmented lagrangean iteration 2
Set parameter LogToConsole to value 1
Set parameter LogToConsole to value 0
Set parameter LogToConsole to value 1
Set parameter LogToConsole to value 0
Set parameter LogToConsole to value 1
Set parameter LogToConsole to value 0
Set parameter LogToConsole to value 1
Set parameter LogToConsole to value 0
Set parameter LogToConsole to value 1
Set parameter LogToConsole to value 0
Set parameter LogToConsole to value 1
Set parameter LogToConsole to value 0
Set parameter LogToConsole to value 1
Set parameter LogToConsole to value 0
augmented lagrangean iteration 0
Set parameter LogToConsole to value 1
Set parameter LogToConsole to value 0
Set parameter LogToConsole to value 1
Set parameter LogToConsole to value 0
Set parameter LogToConsole to value 1
Set parameter LogToConsole to value 0
augmented lagrangean iteration 1
Set parameter LogToConsole to value 1
Set parameter LogToConsole to value 0
Set parameter LogToConsole to value 1
Set parameter LogToConsole to value 0
Set parameter LogToConsole to value 1
Set parameter LogToConsole to value 0
augmented lagrangean iteration 2
Set parameter LogToConsole to value 1
Set parameter LogToConsole to value 0
Set parameter LogToConsole to value 1
Set parameter LogToConsole to value 0
Set parameter LogToConsole to value 1
Set parameter LogToConsole to value 0
Set parameter LogToConsole to value 1
Set parameter LogToConsole to value 0
        27       770.13       783.75   -1340.0396   -1338.2471   0.1339%
Set parameter LogToConsole to value 1
Set parameter LogToConsole to value 0
Set parameter LogToConsole to value 1
Set parameter LogToConsole to value 0
Set parameter LogToConsole to value 1
Set parameter LogToConsole to value 0
augmented lagrangean iteration 0
Set parameter LogToConsole to value 1
Set parameter LogToConsole to value 0
Set parameter LogToConsole to value 1
Set parameter LogToConsole to value 0
Set parameter LogToConsole to value 1
Set parameter LogToConsole to value 0
augmented lagrangean iteration 1
Set parameter LogToConsole to value 1
Set parameter LogToConsole to value 0
Set parameter LogToConsole to value 1
Set parameter LogToConsole to value 0
Set parameter LogToConsole to value 1
Set parameter LogToConsole to value 0
augmented lagrangean iteration 2
Set parameter LogToConsole to value 1
Set parameter LogToConsole to value 0
Set parameter LogToConsole to value 1
Set parameter LogToConsole to value 0
Set parameter LogToConsole to value 1
Set parameter LogToConsole to value 0
Set parameter LogToConsole to value 1
Set parameter LogToConsole to value 0
Set parameter LogToConsole to value 1
Set parameter LogToConsole to value 0
Set parameter LogToConsole to value 1
Set parameter LogToConsole to value 0
Set parameter LogToConsole to value 1
Set parameter LogToConsole to value 0
augmented lagrangean iteration 0
Set parameter LogToConsole to value 1
Set parameter LogToConsole to value 0
Set parameter LogToConsole to value 1
Set parameter LogToConsole to value 0
Set parameter LogToConsole to value 1
Set parameter LogToConsole to value 0
augmented lagrangean iteration 1
Set parameter LogToConsole to value 1
Set parameter LogToConsole to value 0
Set parameter LogToConsole to value 1
Set parameter LogToConsole to value 0
Set parameter LogToConsole to value 1
Set parameter LogToConsole to value 0
augmented lagrangean iteration 2
Set parameter LogToConsole to value 1
Set parameter LogToConsole to value 0
Set parameter LogToConsole to value 1
Set parameter LogToConsole to value 0
Set parameter LogToConsole to value 1
Set parameter LogToConsole to value 0
Set parameter LogToConsole to value 1
Set parameter LogToConsole to value 0
        28       797.87       811.98   -1340.0194   -1338.2471   0.1324%
Set parameter LogToConsole to value 1
Set parameter LogToConsole to value 0
Set parameter LogToConsole to value 1
Set parameter LogToConsole to value 0
Set parameter LogToConsole to value 1
Set parameter LogToConsole to value 0
augmented lagrangean iteration 0
Set parameter LogToConsole to value 1
Set parameter LogToConsole to value 0
Set parameter LogToConsole to value 1
Set parameter LogToConsole to value 0
Set parameter LogToConsole to value 1
Set parameter LogToConsole to value 0
augmented lagrangean iteration 1
Set parameter LogToConsole to value 1
Set parameter LogToConsole to value 0
Set parameter LogToConsole to value 1
Set parameter LogToConsole to value 0
Set parameter LogToConsole to value 1
Set parameter LogToConsole to value 0
augmented lagrangean iteration 2
Set parameter LogToConsole to value 1
Set parameter LogToConsole to value 0
Set parameter LogToConsole to value 1
Set parameter LogToConsole to value 0
Set parameter LogToConsole to value 1
Set parameter LogToConsole to value 0
Set parameter LogToConsole to value 1
Set parameter LogToConsole to value 0
Set parameter LogToConsole to value 1
Set parameter LogToConsole to value 0
Set parameter LogToConsole to value 1
Set parameter LogToConsole to value 0
Set parameter LogToConsole to value 1
Set parameter LogToConsole to value 0
augmented lagrangean iteration 0
Set parameter LogToConsole to value 1
Set parameter LogToConsole to value 0
Set parameter LogToConsole to value 1
Set parameter LogToConsole to value 0
Set parameter LogToConsole to value 1
Set parameter LogToConsole to value 0
augmented lagrangean iteration 1
Set parameter LogToConsole to value 1
Set parameter LogToConsole to value 0
Set parameter LogToConsole to value 1
Set parameter LogToConsole to value 0
Set parameter LogToConsole to value 1
Set parameter LogToConsole to value 0
augmented lagrangean iteration 2
Set parameter LogToConsole to value 1
Set parameter LogToConsole to value 0
Set parameter LogToConsole to value 1
Set parameter LogToConsole to value 0
Set parameter LogToConsole to value 1
Set parameter LogToConsole to value 0
Set parameter LogToConsole to value 1
Set parameter LogToConsole to value 0
        29       819.20       833.84   -1340.0027   -1338.2471   0.1312%
Set parameter LogToConsole to value 1
Set parameter LogToConsole to value 0
Set parameter LogToConsole to value 1
Set parameter LogToConsole to value 0
Set parameter LogToConsole to value 1
Set parameter LogToConsole to value 0
augmented lagrangean iteration 0
Set parameter LogToConsole to value 1
Set parameter LogToConsole to value 0
Set parameter LogToConsole to value 1
Set parameter LogToConsole to value 0
Set parameter LogToConsole to value 1
Set parameter LogToConsole to value 0
augmented lagrangean iteration 1
Set parameter LogToConsole to value 1
Set parameter LogToConsole to value 0
Set parameter LogToConsole to value 1
Set parameter LogToConsole to value 0
Set parameter LogToConsole to value 1
Set parameter LogToConsole to value 0
augmented lagrangean iteration 2
Set parameter LogToConsole to value 1
Set parameter LogToConsole to value 0
Set parameter LogToConsole to value 1
Set parameter LogToConsole to value 0
Set parameter LogToConsole to value 1
Set parameter LogToConsole to value 0
Set parameter LogToConsole to value 1
Set parameter LogToConsole to value 0
Set parameter LogToConsole to value 1
Set parameter LogToConsole to value 0
Set parameter LogToConsole to value 1
Set parameter LogToConsole to value 0
Set parameter LogToConsole to value 1
Set parameter LogToConsole to value 0
augmented lagrangean iteration 0
Set parameter LogToConsole to value 1
Set parameter LogToConsole to value 0
Set parameter LogToConsole to value 1
Set parameter LogToConsole to value 0
Set parameter LogToConsole to value 1
Set parameter LogToConsole to value 0
augmented lagrangean iteration 1
Set parameter LogToConsole to value 1
Set parameter LogToConsole to value 0
Set parameter LogToConsole to value 1
Set parameter LogToConsole to value 0
Set parameter LogToConsole to value 1
Set parameter LogToConsole to value 0
augmented lagrangean iteration 2
Set parameter LogToConsole to value 1
Set parameter LogToConsole to value 0
Set parameter LogToConsole to value 1
Set parameter LogToConsole to value 0
Set parameter LogToConsole to value 1
Set parameter LogToConsole to value 0
Set parameter LogToConsole to value 1
Set parameter LogToConsole to value 0
        30       844.62       859.75   -1339.9949   -1338.2471   0.1306%
Set parameter LogToConsole to value 1
Set parameter LogToConsole to value 0
Set parameter LogToConsole to value 1
Set parameter LogToConsole to value 0
Set parameter LogToConsole to value 1
Set parameter LogToConsole to value 0
augmented lagrangean iteration 0
Set parameter LogToConsole to value 1
Set parameter LogToConsole to value 0
Set parameter LogToConsole to value 1
Set parameter LogToConsole to value 0
Set parameter LogToConsole to value 1
Set parameter LogToConsole to value 0
augmented lagrangean iteration 1
Set parameter LogToConsole to value 1
Set parameter LogToConsole to value 0
Set parameter LogToConsole to value 1
Set parameter LogToConsole to value 0
Set parameter LogToConsole to value 1
Set parameter LogToConsole to value 0
augmented lagrangean iteration 2
Set parameter LogToConsole to value 1
Set parameter LogToConsole to value 0
Set parameter LogToConsole to value 1
Set parameter LogToConsole to value 0
Set parameter LogToConsole to value 1
Set parameter LogToConsole to value 0
Set parameter LogToConsole to value 1
Set parameter LogToConsole to value 0
Set parameter LogToConsole to value 1
Set parameter LogToConsole to value 0
Set parameter LogToConsole to value 1
Set parameter LogToConsole to value 0
Set parameter LogToConsole to value 1
Set parameter LogToConsole to value 0
augmented lagrangean iteration 0
Set parameter LogToConsole to value 1
Set parameter LogToConsole to value 0
Set parameter LogToConsole to value 1
Set parameter LogToConsole to value 0
Set parameter LogToConsole to value 1
Set parameter LogToConsole to value 0
augmented lagrangean iteration 1
Set parameter LogToConsole to value 1
Set parameter LogToConsole to value 0
Set parameter LogToConsole to value 1
Set parameter LogToConsole to value 0
Set parameter LogToConsole to value 1
Set parameter LogToConsole to value 0
augmented lagrangean iteration 2
Set parameter LogToConsole to value 1
Set parameter LogToConsole to value 0
Set parameter LogToConsole to value 1
Set parameter LogToConsole to value 0
Set parameter LogToConsole to value 1
Set parameter LogToConsole to value 0
Set parameter LogToConsole to value 1
Set parameter LogToConsole to value 0
        31       866.35       881.97   -1339.9934   -1338.2471   0.1305%
Set parameter LogToConsole to value 1
Set parameter LogToConsole to value 0
Set parameter LogToConsole to value 1
Set parameter LogToConsole to value 0
Set parameter LogToConsole to value 1
Set parameter LogToConsole to value 0
augmented lagrangean iteration 0
Set parameter LogToConsole to value 1
Set parameter LogToConsole to value 0
Set parameter LogToConsole to value 1
Set parameter LogToConsole to value 0
Set parameter LogToConsole to value 1
Set parameter LogToConsole to value 0
augmented lagrangean iteration 1
Set parameter LogToConsole to value 1
Set parameter LogToConsole to value 0
Set parameter LogToConsole to value 1
Set parameter LogToConsole to value 0
Set parameter LogToConsole to value 1
Set parameter LogToConsole to value 0
augmented lagrangean iteration 2
Set parameter LogToConsole to value 1
Set parameter LogToConsole to value 0
Set parameter LogToConsole to value 1
Set parameter LogToConsole to value 0
Set parameter LogToConsole to value 1
Set parameter LogToConsole to value 0
Set parameter LogToConsole to value 1
Set parameter LogToConsole to value 0
Set parameter LogToConsole to value 1
Set parameter LogToConsole to value 0
Set parameter LogToConsole to value 1
Set parameter LogToConsole to value 0
Set parameter LogToConsole to value 1
Set parameter LogToConsole to value 0
augmented lagrangean iteration 0
Set parameter LogToConsole to value 1
Set parameter LogToConsole to value 0
Set parameter LogToConsole to value 1
Set parameter LogToConsole to value 0
Set parameter LogToConsole to value 1
Set parameter LogToConsole to value 0
augmented lagrangean iteration 1
Set parameter LogToConsole to value 1
Set parameter LogToConsole to value 0
Set parameter LogToConsole to value 1
Set parameter LogToConsole to value 0
Set parameter LogToConsole to value 1
Set parameter LogToConsole to value 0
augmented lagrangean iteration 2
Set parameter LogToConsole to value 1
Set parameter LogToConsole to value 0
Set parameter LogToConsole to value 1
Set parameter LogToConsole to value 0
Set parameter LogToConsole to value 1
Set parameter LogToConsole to value 0
Set parameter LogToConsole to value 1
Set parameter LogToConsole to value 0
        32       892.57       908.68   -1339.8683   -1338.2471   0.1211%
Set parameter LogToConsole to value 1
Set parameter LogToConsole to value 0
Set parameter LogToConsole to value 1
Set parameter LogToConsole to value 0
Set parameter LogToConsole to value 1
Set parameter LogToConsole to value 0
augmented lagrangean iteration 0
Set parameter LogToConsole to value 1
Set parameter LogToConsole to value 0
Set parameter LogToConsole to value 1
Set parameter LogToConsole to value 0
Set parameter LogToConsole to value 1
Set parameter LogToConsole to value 0
augmented lagrangean iteration 1
Set parameter LogToConsole to value 1
Set parameter LogToConsole to value 0
Set parameter LogToConsole to value 1
Set parameter LogToConsole to value 0
Set parameter LogToConsole to value 1
Set parameter LogToConsole to value 0
augmented lagrangean iteration 2
Set parameter LogToConsole to value 1
Set parameter LogToConsole to value 0
Set parameter LogToConsole to value 1
Set parameter LogToConsole to value 0
Set parameter LogToConsole to value 1
Set parameter LogToConsole to value 0
Set parameter LogToConsole to value 1
Set parameter LogToConsole to value 0
Set parameter LogToConsole to value 1
Set parameter LogToConsole to value 0
Set parameter LogToConsole to value 1
Set parameter LogToConsole to value 0
Set parameter LogToConsole to value 1
Set parameter LogToConsole to value 0
augmented lagrangean iteration 0
Set parameter LogToConsole to value 1
Set parameter LogToConsole to value 0
Set parameter LogToConsole to value 1
Set parameter LogToConsole to value 0
Set parameter LogToConsole to value 1
Set parameter LogToConsole to value 0
augmented lagrangean iteration 1
Set parameter LogToConsole to value 1
Set parameter LogToConsole to value 0
Set parameter LogToConsole to value 1
Set parameter LogToConsole to value 0
Set parameter LogToConsole to value 1
Set parameter LogToConsole to value 0
augmented lagrangean iteration 2
Set parameter LogToConsole to value 1
Set parameter LogToConsole to value 0
Set parameter LogToConsole to value 1
Set parameter LogToConsole to value 0
Set parameter LogToConsole to value 1
Set parameter LogToConsole to value 0
Set parameter LogToConsole to value 1
Set parameter LogToConsole to value 0
        33       919.66       936.26   -1339.8586   -1338.2471   0.1204%
Set parameter LogToConsole to value 1
Set parameter LogToConsole to value 0
Set parameter LogToConsole to value 1
Set parameter LogToConsole to value 0
Set parameter LogToConsole to value 1
Set parameter LogToConsole to value 0
augmented lagrangean iteration 0
Set parameter LogToConsole to value 1
Set parameter LogToConsole to value 0
Set parameter LogToConsole to value 1
Set parameter LogToConsole to value 0
Set parameter LogToConsole to value 1
Set parameter LogToConsole to value 0
augmented lagrangean iteration 1
Set parameter LogToConsole to value 1
Set parameter LogToConsole to value 0
Set parameter LogToConsole to value 1
Set parameter LogToConsole to value 0
Set parameter LogToConsole to value 1
Set parameter LogToConsole to value 0
augmented lagrangean iteration 2
Set parameter LogToConsole to value 1
Set parameter LogToConsole to value 0
Set parameter LogToConsole to value 1
Set parameter LogToConsole to value 0
Set parameter LogToConsole to value 1
Set parameter LogToConsole to value 0
Set parameter LogToConsole to value 1
Set parameter LogToConsole to value 0
Set parameter LogToConsole to value 1
Set parameter LogToConsole to value 0
Set parameter LogToConsole to value 1
Set parameter LogToConsole to value 0
Set parameter LogToConsole to value 1
Set parameter LogToConsole to value 0
augmented lagrangean iteration 0
Set parameter LogToConsole to value 1
Set parameter LogToConsole to value 0
Set parameter LogToConsole to value 1
Set parameter LogToConsole to value 0
Set parameter LogToConsole to value 1
Set parameter LogToConsole to value 0
augmented lagrangean iteration 1
Set parameter LogToConsole to value 1
Set parameter LogToConsole to value 0
Set parameter LogToConsole to value 1
Set parameter LogToConsole to value 0
Set parameter LogToConsole to value 1
Set parameter LogToConsole to value 0
augmented lagrangean iteration 2
Set parameter LogToConsole to value 1
Set parameter LogToConsole to value 0
Set parameter LogToConsole to value 1
Set parameter LogToConsole to value 0
Set parameter LogToConsole to value 1
Set parameter LogToConsole to value 0
Set parameter LogToConsole to value 1
Set parameter LogToConsole to value 0
        34       944.87       961.97   -1339.8178   -1338.2471   0.1174%
Set parameter LogToConsole to value 1
Set parameter LogToConsole to value 0
Set parameter LogToConsole to value 1
Set parameter LogToConsole to value 0
Set parameter LogToConsole to value 1
Set parameter LogToConsole to value 0
augmented lagrangean iteration 0
Set parameter LogToConsole to value 1
Set parameter LogToConsole to value 0
Set parameter LogToConsole to value 1
Set parameter LogToConsole to value 0
Set parameter LogToConsole to value 1
Set parameter LogToConsole to value 0
augmented lagrangean iteration 1
Set parameter LogToConsole to value 1
Set parameter LogToConsole to value 0
Set parameter LogToConsole to value 1
Set parameter LogToConsole to value 0
Set parameter LogToConsole to value 1
Set parameter LogToConsole to value 0
augmented lagrangean iteration 2
Set parameter LogToConsole to value 1
Set parameter LogToConsole to value 0
Set parameter LogToConsole to value 1
Set parameter LogToConsole to value 0
Set parameter LogToConsole to value 1
Set parameter LogToConsole to value 0
Set parameter LogToConsole to value 1
Set parameter LogToConsole to value 0
Set parameter LogToConsole to value 1
Set parameter LogToConsole to value 0
Set parameter LogToConsole to value 1
Set parameter LogToConsole to value 0
Set parameter LogToConsole to value 1
Set parameter LogToConsole to value 0
augmented lagrangean iteration 0
Set parameter LogToConsole to value 1
Set parameter LogToConsole to value 0
Set parameter LogToConsole to value 1
Set parameter LogToConsole to value 0
Set parameter LogToConsole to value 1
Set parameter LogToConsole to value 0
augmented lagrangean iteration 1
Set parameter LogToConsole to value 1
Set parameter LogToConsole to value 0
Set parameter LogToConsole to value 1
Set parameter LogToConsole to value 0
Set parameter LogToConsole to value 1
Set parameter LogToConsole to value 0
augmented lagrangean iteration 2
Set parameter LogToConsole to value 1
Set parameter LogToConsole to value 0
Set parameter LogToConsole to value 1
Set parameter LogToConsole to value 0
Set parameter LogToConsole to value 1
Set parameter LogToConsole to value 0
Set parameter LogToConsole to value 1
Set parameter LogToConsole to value 0
        35       970.26       987.85   -1339.8166   -1338.2471   0.1173%
Set parameter LogToConsole to value 1
Set parameter LogToConsole to value 0
Set parameter LogToConsole to value 1
Set parameter LogToConsole to value 0
Set parameter LogToConsole to value 1
Set parameter LogToConsole to value 0
augmented lagrangean iteration 0
Set parameter LogToConsole to value 1
Set parameter LogToConsole to value 0
Set parameter LogToConsole to value 1
Set parameter LogToConsole to value 0
Set parameter LogToConsole to value 1
Set parameter LogToConsole to value 0
augmented lagrangean iteration 1
Set parameter LogToConsole to value 1
Set parameter LogToConsole to value 0
Set parameter LogToConsole to value 1
Set parameter LogToConsole to value 0
Set parameter LogToConsole to value 1
Set parameter LogToConsole to value 0
augmented lagrangean iteration 2
Set parameter LogToConsole to value 1
Set parameter LogToConsole to value 0
Set parameter LogToConsole to value 1
Set parameter LogToConsole to value 0
Set parameter LogToConsole to value 1
Set parameter LogToConsole to value 0
Set parameter LogToConsole to value 1
Set parameter LogToConsole to value 0
Set parameter LogToConsole to value 1
Set parameter LogToConsole to value 0
Set parameter LogToConsole to value 1
Set parameter LogToConsole to value 0
Set parameter LogToConsole to value 1
Set parameter LogToConsole to value 0
augmented lagrangean iteration 0
Set parameter LogToConsole to value 1
Set parameter LogToConsole to value 0
Set parameter LogToConsole to value 1
Set parameter LogToConsole to value 0
Set parameter LogToConsole to value 1
Set parameter LogToConsole to value 0
augmented lagrangean iteration 1
Set parameter LogToConsole to value 1
Set parameter LogToConsole to value 0
Set parameter LogToConsole to value 1
Set parameter LogToConsole to value 0
Set parameter LogToConsole to value 1
Set parameter LogToConsole to value 0
augmented lagrangean iteration 2
Set parameter LogToConsole to value 1
Set parameter LogToConsole to value 0
Set parameter LogToConsole to value 1
Set parameter LogToConsole to value 0
Set parameter LogToConsole to value 1
Set parameter LogToConsole to value 0
Set parameter LogToConsole to value 1
Set parameter LogToConsole to value 0
        36       992.94      1011.02   -1339.7647   -1338.2471   0.1134%
Set parameter LogToConsole to value 1
Set parameter LogToConsole to value 0
Set parameter LogToConsole to value 1
Set parameter LogToConsole to value 0
Set parameter LogToConsole to value 1
Set parameter LogToConsole to value 0
augmented lagrangean iteration 0
Set parameter LogToConsole to value 1
Set parameter LogToConsole to value 0
Set parameter LogToConsole to value 1
Set parameter LogToConsole to value 0
Set parameter LogToConsole to value 1
Set parameter LogToConsole to value 0
augmented lagrangean iteration 1
Set parameter LogToConsole to value 1
Set parameter LogToConsole to value 0
Set parameter LogToConsole to value 1
Set parameter LogToConsole to value 0
Set parameter LogToConsole to value 1
Set parameter LogToConsole to value 0
augmented lagrangean iteration 2
Set parameter LogToConsole to value 1
Set parameter LogToConsole to value 0
Set parameter LogToConsole to value 1
Set parameter LogToConsole to value 0
Set parameter LogToConsole to value 1
Set parameter LogToConsole to value 0
Set parameter LogToConsole to value 1
Set parameter LogToConsole to value 0
Set parameter LogToConsole to value 1
Set parameter LogToConsole to value 0
Set parameter LogToConsole to value 1
Set parameter LogToConsole to value 0
Set parameter LogToConsole to value 1
Set parameter LogToConsole to value 0
augmented lagrangean iteration 0
Set parameter LogToConsole to value 1
Set parameter LogToConsole to value 0
Set parameter LogToConsole to value 1
Set parameter LogToConsole to value 0
Set parameter LogToConsole to value 1
Set parameter LogToConsole to value 0
augmented lagrangean iteration 1
Set parameter LogToConsole to value 1
Set parameter LogToConsole to value 0
Set parameter LogToConsole to value 1
Set parameter LogToConsole to value 0
Set parameter LogToConsole to value 1
Set parameter LogToConsole to value 0
augmented lagrangean iteration 2
Set parameter LogToConsole to value 1
Set parameter LogToConsole to value 0
Set parameter LogToConsole to value 1
Set parameter LogToConsole to value 0
Set parameter LogToConsole to value 1
Set parameter LogToConsole to value 0
Set parameter LogToConsole to value 1
Set parameter LogToConsole to value 0
        37      1017.75      1036.33   -1339.6933   -1338.2471   0.1081%
Set parameter LogToConsole to value 1
Set parameter LogToConsole to value 0
Set parameter LogToConsole to value 1
Set parameter LogToConsole to value 0
Set parameter LogToConsole to value 1
Set parameter LogToConsole to value 0
augmented lagrangean iteration 0
Set parameter LogToConsole to value 1
Set parameter LogToConsole to value 0
Set parameter LogToConsole to value 1
Set parameter LogToConsole to value 0
Set parameter LogToConsole to value 1
Set parameter LogToConsole to value 0
augmented lagrangean iteration 1
Set parameter LogToConsole to value 1
Set parameter LogToConsole to value 0
Set parameter LogToConsole to value 1
Set parameter LogToConsole to value 0
Set parameter LogToConsole to value 1
Set parameter LogToConsole to value 0
augmented lagrangean iteration 2
Set parameter LogToConsole to value 1
Set parameter LogToConsole to value 0
Set parameter LogToConsole to value 1
Set parameter LogToConsole to value 0
Set parameter LogToConsole to value 1
Set parameter LogToConsole to value 0
Set parameter LogToConsole to value 1
Set parameter LogToConsole to value 0
Set parameter LogToConsole to value 1
Set parameter LogToConsole to value 0
Set parameter LogToConsole to value 1
Set parameter LogToConsole to value 0
Set parameter LogToConsole to value 1
Set parameter LogToConsole to value 0
augmented lagrangean iteration 0
Set parameter LogToConsole to value 1
Set parameter LogToConsole to value 0
Set parameter LogToConsole to value 1
Set parameter LogToConsole to value 0
Set parameter LogToConsole to value 1
Set parameter LogToConsole to value 0
augmented lagrangean iteration 1
Set parameter LogToConsole to value 1
Set parameter LogToConsole to value 0
Set parameter LogToConsole to value 1
Set parameter LogToConsole to value 0
Set parameter LogToConsole to value 1
Set parameter LogToConsole to value 0
augmented lagrangean iteration 2
Set parameter LogToConsole to value 1
Set parameter LogToConsole to value 0
Set parameter LogToConsole to value 1
Set parameter LogToConsole to value 0
Set parameter LogToConsole to value 1
Set parameter LogToConsole to value 0
Set parameter LogToConsole to value 1
Set parameter LogToConsole to value 0
        38      1045.37      1064.45   -1339.6820   -1338.2471   0.1072%
Set parameter LogToConsole to value 1
Set parameter LogToConsole to value 0
Set parameter LogToConsole to value 1
Set parameter LogToConsole to value 0
Set parameter LogToConsole to value 1
Set parameter LogToConsole to value 0
augmented lagrangean iteration 0
Set parameter LogToConsole to value 1
Set parameter LogToConsole to value 0
Set parameter LogToConsole to value 1
Set parameter LogToConsole to value 0
Set parameter LogToConsole to value 1
Set parameter LogToConsole to value 0
augmented lagrangean iteration 1
Set parameter LogToConsole to value 1
Set parameter LogToConsole to value 0
Set parameter LogToConsole to value 1
Set parameter LogToConsole to value 0
Set parameter LogToConsole to value 1
Set parameter LogToConsole to value 0
augmented lagrangean iteration 2
Set parameter LogToConsole to value 1
Set parameter LogToConsole to value 0
Set parameter LogToConsole to value 1
Set parameter LogToConsole to value 0
Set parameter LogToConsole to value 1
Set parameter LogToConsole to value 0
Set parameter LogToConsole to value 1
Set parameter LogToConsole to value 0
Set parameter LogToConsole to value 1
Set parameter LogToConsole to value 0
Set parameter LogToConsole to value 1
Set parameter LogToConsole to value 0
Set parameter LogToConsole to value 1
Set parameter LogToConsole to value 0
augmented lagrangean iteration 0
Set parameter LogToConsole to value 1
Set parameter LogToConsole to value 0
Set parameter LogToConsole to value 1
Set parameter LogToConsole to value 0
Set parameter LogToConsole to value 1
Set parameter LogToConsole to value 0
augmented lagrangean iteration 1
Set parameter LogToConsole to value 1
Set parameter LogToConsole to value 0
Set parameter LogToConsole to value 1
Set parameter LogToConsole to value 0
Set parameter LogToConsole to value 1
Set parameter LogToConsole to value 0
augmented lagrangean iteration 2
Set parameter LogToConsole to value 1
Set parameter LogToConsole to value 0
Set parameter LogToConsole to value 1
Set parameter LogToConsole to value 0
Set parameter LogToConsole to value 1
Set parameter LogToConsole to value 0
Set parameter LogToConsole to value 1
Set parameter LogToConsole to value 0
        39      1073.16      1092.73   -1339.6591   -1338.2471   0.1055%
Set parameter LogToConsole to value 1
Set parameter LogToConsole to value 0
Set parameter LogToConsole to value 1
Set parameter LogToConsole to value 0
Set parameter LogToConsole to value 1
Set parameter LogToConsole to value 0
augmented lagrangean iteration 0
Set parameter LogToConsole to value 1
Set parameter LogToConsole to value 0
Set parameter LogToConsole to value 1
Set parameter LogToConsole to value 0
Set parameter LogToConsole to value 1
Set parameter LogToConsole to value 0
augmented lagrangean iteration 1
Set parameter LogToConsole to value 1
Set parameter LogToConsole to value 0
Set parameter LogToConsole to value 1
Set parameter LogToConsole to value 0
Set parameter LogToConsole to value 1
Set parameter LogToConsole to value 0
augmented lagrangean iteration 2
Set parameter LogToConsole to value 1
Set parameter LogToConsole to value 0
Set parameter LogToConsole to value 1
Set parameter LogToConsole to value 0
Set parameter LogToConsole to value 1
Set parameter LogToConsole to value 0
Set parameter LogToConsole to value 1
Set parameter LogToConsole to value 0
Set parameter LogToConsole to value 1
Set parameter LogToConsole to value 0
Set parameter LogToConsole to value 1
Set parameter LogToConsole to value 0
Set parameter LogToConsole to value 1
Set parameter LogToConsole to value 0
augmented lagrangean iteration 0
Set parameter LogToConsole to value 1
Set parameter LogToConsole to value 0
Set parameter LogToConsole to value 1
Set parameter LogToConsole to value 0
Set parameter LogToConsole to value 1
Set parameter LogToConsole to value 0
augmented lagrangean iteration 1
Set parameter LogToConsole to value 1
Set parameter LogToConsole to value 0
Set parameter LogToConsole to value 1
Set parameter LogToConsole to value 0
Set parameter LogToConsole to value 1
Set parameter LogToConsole to value 0
augmented lagrangean iteration 2
Set parameter LogToConsole to value 1
Set parameter LogToConsole to value 0
Set parameter LogToConsole to value 1
Set parameter LogToConsole to value 0
Set parameter LogToConsole to value 1
Set parameter LogToConsole to value 0
Set parameter LogToConsole to value 1
Set parameter LogToConsole to value 0
        40      1104.40      1124.50   -1339.6096   -1338.2471   0.1018%
Set parameter LogToConsole to value 1
Set parameter LogToConsole to value 0
Set parameter LogToConsole to value 1
Set parameter LogToConsole to value 0
Set parameter LogToConsole to value 1
Set parameter LogToConsole to value 0
augmented lagrangean iteration 0
Set parameter LogToConsole to value 1
Set parameter LogToConsole to value 0
Set parameter LogToConsole to value 1
Set parameter LogToConsole to value 0
Set parameter LogToConsole to value 1
Set parameter LogToConsole to value 0
augmented lagrangean iteration 1
Set parameter LogToConsole to value 1
Set parameter LogToConsole to value 0
Set parameter LogToConsole to value 1
Set parameter LogToConsole to value 0
Set parameter LogToConsole to value 1
Set parameter LogToConsole to value 0
augmented lagrangean iteration 2
Set parameter LogToConsole to value 1
Set parameter LogToConsole to value 0
Set parameter LogToConsole to value 1
Set parameter LogToConsole to value 0
Set parameter LogToConsole to value 1
Set parameter LogToConsole to value 0
Set parameter LogToConsole to value 1
Set parameter LogToConsole to value 0
Set parameter LogToConsole to value 1
Set parameter LogToConsole to value 0
Set parameter LogToConsole to value 1
Set parameter LogToConsole to value 0
Set parameter LogToConsole to value 1
Set parameter LogToConsole to value 0
augmented lagrangean iteration 0
Set parameter LogToConsole to value 1
Set parameter LogToConsole to value 0
Set parameter LogToConsole to value 1
Set parameter LogToConsole to value 0
Set parameter LogToConsole to value 1
Set parameter LogToConsole to value 0
augmented lagrangean iteration 1
Set parameter LogToConsole to value 1
Set parameter LogToConsole to value 0
Set parameter LogToConsole to value 1
Set parameter LogToConsole to value 0
Set parameter LogToConsole to value 1
Set parameter LogToConsole to value 0
augmented lagrangean iteration 2
Set parameter LogToConsole to value 1
Set parameter LogToConsole to value 0
Set parameter LogToConsole to value 1
Set parameter LogToConsole to value 0
Set parameter LogToConsole to value 1
Set parameter LogToConsole to value 0
Set parameter LogToConsole to value 1
Set parameter LogToConsole to value 0
        41      1127.87      1148.47   -1339.5916   -1338.2471   0.1005%
Set parameter LogToConsole to value 1
Set parameter LogToConsole to value 0
Set parameter LogToConsole to value 1
Set parameter LogToConsole to value 0
Set parameter LogToConsole to value 1
Set parameter LogToConsole to value 0
augmented lagrangean iteration 0
Set parameter LogToConsole to value 1
Set parameter LogToConsole to value 0
Set parameter LogToConsole to value 1
Set parameter LogToConsole to value 0
Set parameter LogToConsole to value 1
Set parameter LogToConsole to value 0
augmented lagrangean iteration 1
Set parameter LogToConsole to value 1
Set parameter LogToConsole to value 0
Set parameter LogToConsole to value 1
Set parameter LogToConsole to value 0
Set parameter LogToConsole to value 1
Set parameter LogToConsole to value 0
augmented lagrangean iteration 2
Set parameter LogToConsole to value 1
Set parameter LogToConsole to value 0
Set parameter LogToConsole to value 1
Set parameter LogToConsole to value 0
Set parameter LogToConsole to value 1
Set parameter LogToConsole to value 0
Set parameter LogToConsole to value 1
Set parameter LogToConsole to value 0
Set parameter LogToConsole to value 1
Set parameter LogToConsole to value 0
Set parameter LogToConsole to value 1
Set parameter LogToConsole to value 0
Set parameter LogToConsole to value 1
Set parameter LogToConsole to value 0
augmented lagrangean iteration 0
Set parameter LogToConsole to value 1
Set parameter LogToConsole to value 0
Set parameter LogToConsole to value 1
Set parameter LogToConsole to value 0
Set parameter LogToConsole to value 1
Set parameter LogToConsole to value 0
augmented lagrangean iteration 1
Set parameter LogToConsole to value 1
Set parameter LogToConsole to value 0
Set parameter LogToConsole to value 1
Set parameter LogToConsole to value 0
Set parameter LogToConsole to value 1
Set parameter LogToConsole to value 0
augmented lagrangean iteration 2
Set parameter LogToConsole to value 1
Set parameter LogToConsole to value 0
Set parameter LogToConsole to value 1
Set parameter LogToConsole to value 0
Set parameter LogToConsole to value 1
Set parameter LogToConsole to value 0
Set parameter LogToConsole to value 1
Set parameter LogToConsole to value 0
        42      1153.96      1175.05   -1339.5856   -1338.2471   0.1000%
Set parameter LogToConsole to value 1
Set parameter LogToConsole to value 0
Set parameter LogToConsole to value 1
Set parameter LogToConsole to value 0
Set parameter LogToConsole to value 1
Set parameter LogToConsole to value 0
augmented lagrangean iteration 0
Set parameter LogToConsole to value 1
Set parameter LogToConsole to value 0
Set parameter LogToConsole to value 1
Set parameter LogToConsole to value 0
Set parameter LogToConsole to value 1
Set parameter LogToConsole to value 0
augmented lagrangean iteration 1
Set parameter LogToConsole to value 1
Set parameter LogToConsole to value 0
Set parameter LogToConsole to value 1
Set parameter LogToConsole to value 0
Set parameter LogToConsole to value 1
Set parameter LogToConsole to value 0
augmented lagrangean iteration 2
Set parameter LogToConsole to value 1
Set parameter LogToConsole to value 0
Set parameter LogToConsole to value 1
Set parameter LogToConsole to value 0
Set parameter LogToConsole to value 1
Set parameter LogToConsole to value 0
Set parameter LogToConsole to value 1
Set parameter LogToConsole to value 0
Set parameter LogToConsole to value 1
Set parameter LogToConsole to value 0
Set parameter LogToConsole to value 1
Set parameter LogToConsole to value 0
Set parameter LogToConsole to value 1
Set parameter LogToConsole to value 0
augmented lagrangean iteration 0
Set parameter LogToConsole to value 1
Set parameter LogToConsole to value 0
Set parameter LogToConsole to value 1
Set parameter LogToConsole to value 0
Set parameter LogToConsole to value 1
Set parameter LogToConsole to value 0
augmented lagrangean iteration 1
Set parameter LogToConsole to value 1
Set parameter LogToConsole to value 0
Set parameter LogToConsole to value 1
Set parameter LogToConsole to value 0
Set parameter LogToConsole to value 1
Set parameter LogToConsole to value 0
augmented lagrangean iteration 2
Set parameter LogToConsole to value 1
Set parameter LogToConsole to value 0
Set parameter LogToConsole to value 1
Set parameter LogToConsole to value 0
Set parameter LogToConsole to value 1
Set parameter LogToConsole to value 0
Set parameter LogToConsole to value 1
Set parameter LogToConsole to value 0
        43      1177.82      1199.40   -1339.5827   -1338.2471   0.0998%
================================================================================


evaluating object as numeric value: y['S[1]']
    (object: <class 'pyomo.core.base.var.VarData'>)
No value for uninitialized VarData object y['S[1]']
Failed to record solution; no feasible solution from upper bounding.
Optimal solution found.

total wall time: 1199.40 s
total CPU time: 1177.82 s
Nodes explored in branch-and-bound: 87
---------------------------------------
Begin Slurm Epilog: Nov-22-2025 17:25:12
Job ID:        2383249
User ID:       jyang872
Account:       gts-jscott319
Job name:      pooling
Resources:     cpu=1,mem=8G,node=1
Rsrc Used:     cput=00:20:37,vmem=0,walltime=00:20:37,mem=39412K,energy_used=0
Partition:     cpu-small
QOS:           inferno
Nodes:         atl1-1-02-003-16-2
---------------------------------------
